---
source: tests/snapshots.rs
expression: dump(&entry)
---
== dark-truecolor
Workbar
────────────────────────────────────────────────────────────────────────────────────────────────────────────────
 TODO  1               CONTEXT  2            GIT  3                 PRICE  4              PLUGINS  5
 3 / 5 complete        28.4k                ╸4 files changed        $0.38                 4
 2 in progress         of 128k tokens        workspace-polish       reported this turn    enabled by you
---
r0 c0..7 fg=Foreground bg=Background bold
r0 c7..112 bg=Background
r1 c0..112 fg=Border bg=Background
r2 c0..1 bg=Background
r2 c1..8 fg=Muted bg=Background
r2 c8..23 bg=Background
r2 c23..33 fg=Muted bg=Background
r2 c33..44 bg=Background
r2 c44..45 bg=Selected
r2 c45..51 fg=Muted bg=Selected
r2 c51..67 bg=Selected
r2 c67..68 bg=Background
r2 c68..76 fg=Muted bg=Background
r2 c76..90 bg=Background
r2 c90..100 fg=Muted bg=Background
r2 c100..112 bg=Background
r3 c0..1 bg=Background
r3 c1..15 fg=Foreground bg=Background bold
r3 c15..23 bg=Background
r3 c23..28 fg=Foreground bg=Background bold
r3 c28..44 bg=Background
r3 c44..45 fg=Primary bg=Selected
r3 c45..60 fg=Foreground bg=Selected bold
r3 c60..67 bg=Selected
r3 c67..68 bg=Background
r3 c68..73 fg=Foreground bg=Background bold
r3 c73..90 bg=Background
r3 c90..91 fg=Foreground bg=Background bold
r3 c91..112 bg=Background
r4 c0..1 bg=Background
r4 c1..14 fg=Muted bg=Background
r4 c14..23 bg=Background
r4 c23..37 fg=Muted bg=Background
r4 c37..44 bg=Background
r4 c44..45 bg=Selected
r4 c45..61 fg=Muted bg=Selected
r4 c61..67 bg=Selected
r4 c67..68 bg=Background
r4 c68..86 fg=Muted bg=Background
r4 c86..90 bg=Background
r4 c90..104 fg=Muted bg=Background
r4 c104..112 bg=Background

== dark-graphite
Workbar
────────────────────────────────────────────────────────────────────────────────────────────────────────────────
 TODO  1               CONTEXT  2            GIT  3                 PRICE  4              PLUGINS  5
 3 / 5 complete        28.4k                ╸4 files changed        $0.38                 4
 2 in progress         of 128k tokens        workspace-polish       reported this turn    enabled by you
---
r0 c0..7 fg=Foreground bg=Background bold
r0 c7..112 bg=Background
r1 c0..112 fg=Border bg=Background
r2 c0..1 bg=Background
r2 c1..8 fg=Muted bg=Background
r2 c8..23 bg=Background
r2 c23..33 fg=Muted bg=Background
r2 c33..44 bg=Background
r2 c44..45 bg=Selected
r2 c45..51 fg=Muted bg=Selected
r2 c51..67 bg=Selected
r2 c67..68 bg=Background
r2 c68..76 fg=Muted bg=Background
r2 c76..90 bg=Background
r2 c90..100 fg=Muted bg=Background
r2 c100..112 bg=Background
r3 c0..1 bg=Background
r3 c1..15 fg=Foreground bg=Background bold
r3 c15..23 bg=Background
r3 c23..28 fg=Foreground bg=Background bold
r3 c28..44 bg=Background
r3 c44..45 fg=Primary bg=Selected
r3 c45..60 fg=Foreground bg=Selected bold
r3 c60..67 bg=Selected
r3 c67..68 bg=Background
r3 c68..73 fg=Foreground bg=Background bold
r3 c73..90 bg=Background
r3 c90..91 fg=Foreground bg=Background bold
r3 c91..112 bg=Background
r4 c0..1 bg=Background
r4 c1..14 fg=Muted bg=Background
r4 c14..23 bg=Background
r4 c23..37 fg=Muted bg=Background
r4 c37..44 bg=Background
r4 c44..45 bg=Selected
r4 c45..61 fg=Muted bg=Selected
r4 c61..67 bg=Selected
r4 c67..68 bg=Background
r4 c68..86 fg=Muted bg=Background
r4 c86..90 bg=Background
r4 c90..104 fg=Muted bg=Background
r4 c104..112 bg=Background

== light-truecolor
Workbar
────────────────────────────────────────────────────────────────────────────────────────────────────────────────
 TODO  1               CONTEXT  2            GIT  3                 PRICE  4              PLUGINS  5
 3 / 5 complete        28.4k                ╸4 files changed        $0.38                 4
 2 in progress         of 128k tokens        workspace-polish       reported this turn    enabled by you
---
r0 c0..7 fg=Foreground bg=Background bold
r0 c7..112 bg=Background
r1 c0..112 fg=Border bg=Background
r2 c0..1 bg=Background
r2 c1..8 fg=Muted bg=Background
r2 c8..23 bg=Background
r2 c23..33 fg=Muted bg=Background
r2 c33..44 bg=Background
r2 c44..45 bg=Selected
r2 c45..51 fg=Muted bg=Selected
r2 c51..67 bg=Selected
r2 c67..68 bg=Background
r2 c68..76 fg=Muted bg=Background
r2 c76..90 bg=Background
r2 c90..100 fg=Muted bg=Background
r2 c100..112 bg=Background
r3 c0..1 bg=Background
r3 c1..15 fg=Foreground bg=Background bold
r3 c15..23 bg=Background
r3 c23..28 fg=Foreground bg=Background bold
r3 c28..44 bg=Background
r3 c44..45 fg=Primary bg=Selected
r3 c45..60 fg=Foreground bg=Selected bold
r3 c60..67 bg=Selected
r3 c67..68 bg=Background
r3 c68..73 fg=Foreground bg=Background bold
r3 c73..90 bg=Background
r3 c90..91 fg=Foreground bg=Background bold
r3 c91..112 bg=Background
r4 c0..1 bg=Background
r4 c1..14 fg=Muted bg=Background
r4 c14..23 bg=Background
r4 c23..37 fg=Muted bg=Background
r4 c37..44 bg=Background
r4 c44..45 bg=Selected
r4 c45..61 fg=Muted bg=Selected
r4 c61..67 bg=Selected
r4 c67..68 bg=Background
r4 c68..86 fg=Muted bg=Background
r4 c86..90 bg=Background
r4 c90..104 fg=Muted bg=Background
r4 c104..112 bg=Background

== dark-256
Workbar
────────────────────────────────────────────────────────────────────────────────────────────────────────────────
 TODO  1               CONTEXT  2            GIT  3                 PRICE  4              PLUGINS  5
 3 / 5 complete        28.4k                ╸4 files changed        $0.38                 4
 2 in progress         of 128k tokens        workspace-polish       reported this turn    enabled by you
---
r0 c0..7 fg=Foreground bg=Background bold
r0 c7..112 bg=Background
r1 c0..112 fg=Border bg=Background
r2 c0..1 bg=Background
r2 c1..8 fg=Muted bg=Background
r2 c8..23 bg=Background
r2 c23..33 fg=Muted bg=Background
r2 c33..44 bg=Background
r2 c44..45 bg=Selected
r2 c45..51 fg=Muted bg=Selected
r2 c51..67 bg=Selected
r2 c67..68 bg=Background
r2 c68..76 fg=Muted bg=Background
r2 c76..90 bg=Background
r2 c90..100 fg=Muted bg=Background
r2 c100..112 bg=Background
r3 c0..1 bg=Background
r3 c1..15 fg=Foreground bg=Background bold
r3 c15..23 bg=Background
r3 c23..28 fg=Foreground bg=Background bold
r3 c28..44 bg=Background
r3 c44..45 fg=Primary bg=Selected
r3 c45..60 fg=Foreground bg=Selected bold
r3 c60..67 bg=Selected
r3 c67..68 bg=Background
r3 c68..73 fg=Foreground bg=Background bold
r3 c73..90 bg=Background
r3 c90..91 fg=Foreground bg=Background bold
r3 c91..112 bg=Background
r4 c0..1 bg=Background
r4 c1..14 fg=Muted bg=Background
r4 c14..23 bg=Background
r4 c23..37 fg=Muted bg=Background
r4 c37..44 bg=Background
r4 c44..45 bg=Selected
r4 c45..61 fg=Muted bg=Selected
r4 c61..67 bg=Selected
r4 c67..68 bg=Background
r4 c68..86 fg=Muted bg=Background
r4 c86..90 bg=Background
r4 c90..104 fg=Muted bg=Background
r4 c104..112 bg=Background

== light-256
Workbar
────────────────────────────────────────────────────────────────────────────────────────────────────────────────
 TODO  1               CONTEXT  2            GIT  3                 PRICE  4              PLUGINS  5
 3 / 5 complete        28.4k                ╸4 files changed        $0.38                 4
 2 in progress         of 128k tokens        workspace-polish       reported this turn    enabled by you
---
r0 c0..7 fg=Foreground bg=Background|Surface bold
r0 c7..112 bg=Background|Surface
r1 c0..112 fg=Border bg=Background|Surface
r2 c0..1 bg=Background|Surface
r2 c1..8 fg=Muted bg=Background|Surface
r2 c8..23 bg=Background|Surface
r2 c23..33 fg=Muted bg=Background|Surface
r2 c33..44 bg=Background|Surface
r2 c44..45 bg=Selected
r2 c45..51 fg=Muted bg=Selected
r2 c51..67 bg=Selected
r2 c67..68 bg=Background|Surface
r2 c68..76 fg=Muted bg=Background|Surface
r2 c76..90 bg=Background|Surface
r2 c90..100 fg=Muted bg=Background|Surface
r2 c100..112 bg=Background|Surface
r3 c0..1 bg=Background|Surface
r3 c1..15 fg=Foreground bg=Background|Surface bold
r3 c15..23 bg=Background|Surface
r3 c23..28 fg=Foreground bg=Background|Surface bold
r3 c28..44 bg=Background|Surface
r3 c44..45 fg=Primary bg=Selected
r3 c45..60 fg=Foreground bg=Selected bold
r3 c60..67 bg=Selected
r3 c67..68 bg=Background|Surface
r3 c68..73 fg=Foreground bg=Background|Surface bold
r3 c73..90 bg=Background|Surface
r3 c90..91 fg=Foreground bg=Background|Surface bold
r3 c91..112 bg=Background|Surface
r4 c0..1 bg=Background|Surface
r4 c1..14 fg=Muted bg=Background|Surface
r4 c14..23 bg=Background|Surface
r4 c23..37 fg=Muted bg=Background|Surface
r4 c37..44 bg=Background|Surface
r4 c44..45 bg=Selected
r4 c45..61 fg=Muted bg=Selected
r4 c61..67 bg=Selected
r4 c67..68 bg=Background|Surface
r4 c68..86 fg=Muted bg=Background|Surface
r4 c86..90 bg=Background|Surface
r4 c90..104 fg=Muted bg=Background|Surface
r4 c104..112 bg=Background|Surface

== ansi-16
Workbar
────────────────────────────────────────────────────────────────────────────────────────────────────────────────
 TODO  1               CONTEXT  2            GIT  3                 PRICE  4              PLUGINS  5
 3 / 5 complete        28.4k                ╸4 files changed        $0.38                 4
 2 in progress         of 128k tokens        workspace-polish       reported this turn    enabled by you
---
r0 c0..7 bold
r1 c0..112 dim
r2 c1..8 dim
r2 c23..33 dim
r2 c45..51 dim
r2 c68..76 dim
r2 c90..100 dim
r3 c1..15 bold
r3 c23..28 bold
r3 c44..45 fg=Primary
r3 c45..60 bold
r3 c68..73 bold
r3 c90..91 bold
r4 c1..14 dim
r4 c23..37 dim
r4 c45..61 dim
r4 c68..86 dim
r4 c90..104 dim

== unknown-ground
Workbar
────────────────────────────────────────────────────────────────────────────────────────────────────────────────
 TODO  1               CONTEXT  2            GIT  3                 PRICE  4              PLUGINS  5
 3 / 5 complete        28.4k                ╸4 files changed        $0.38                 4
 2 in progress         of 128k tokens        workspace-polish       reported this turn    enabled by you
---
r0 c0..7 bold
r1 c0..112 dim
r2 c1..8 dim
r2 c23..33 dim
r2 c45..51 dim
r2 c68..76 dim
r2 c90..100 dim
r3 c1..15 bold
r3 c23..28 bold
r3 c44..45 fg=Primary
r3 c45..60 bold
r3 c68..73 bold
r3 c90..91 bold
r4 c1..14 dim
r4 c23..37 dim
r4 c45..61 dim
r4 c68..86 dim
r4 c90..104 dim

== no-color
Workbar
────────────────────────────────────────────────────────────────────────────────────────────────────────────────
 TODO  1               CONTEXT  2            GIT  3                 PRICE  4              PLUGINS  5
 3 / 5 complete        28.4k                ╸4 files changed        $0.38                 4
 2 in progress         of 128k tokens        workspace-polish       reported this turn    enabled by you
---
r0 c0..7 bold
r1 c0..112 dim
r2 c1..8 dim
r2 c23..33 dim
r2 c45..51 dim
r2 c68..76 dim
r2 c90..100 dim
r3 c1..15 bold
r3 c23..28 bold
r3 c45..60 bold
r3 c68..73 bold
r3 c90..91 bold
r4 c1..14 dim
r4 c23..37 dim
r4 c45..61 dim
r4 c68..86 dim
r4 c90..104 dim

== ascii
Workbar
----------------------------------------------------------------------------------------------------------------
 TODO  1               CONTEXT  2            GIT  3                 PRICE  4              PLUGINS  5
 3 / 5 complete        28.4k                >4 files changed        $0.38                 4
 2 in progress         of 128k tokens        workspace-polish       reported this turn    enabled by you
---
r0 c0..7 bold
r1 c0..112 dim
r2 c1..8 dim
r2 c23..33 dim
r2 c45..51 dim
r2 c68..76 dim
r2 c90..100 dim
r3 c1..15 bold
r3 c23..28 bold
r3 c45..60 bold
r3 c68..73 bold
r3 c90..91 bold
r4 c1..14 dim
r4 c23..37 dim
r4 c45..61 dim
r4 c68..86 dim
r4 c90..104 dim
