---
source: tests/snapshots.rs
expression: dump(&entry)
---
== dark-truecolor
● Working
✓ Done
◆ Needs you
✕ Failed
■ Stopped
○ Ready
? Unknown
---
r0 c0..1 fg=Live bg=Background
r0 c1..2 bg=Background
r0 c2..9 fg=Foreground bg=Background
r0 c9..20 bg=Background
r1 c0..1 fg=Live bg=Background
r1 c1..2 bg=Background
r1 c2..6 fg=Foreground bg=Background
r1 c6..20 bg=Background
r2 c0..1 fg=Attention bg=Background
r2 c1..2 bg=Background
r2 c2..11 fg=Foreground bg=Background
r2 c11..20 bg=Background
r3 c0..1 fg=Danger bg=Background
r3 c1..2 bg=Background
r3 c2..8 fg=Foreground bg=Background
r3 c8..20 bg=Background
r4 c0..1 fg=Muted bg=Background
r4 c1..2 bg=Background
r4 c2..9 fg=Foreground bg=Background
r4 c9..20 bg=Background
r5 c0..1 fg=Muted bg=Background
r5 c1..2 bg=Background
r5 c2..7 fg=Foreground bg=Background
r5 c7..20 bg=Background
r6 c0..1 fg=Muted bg=Background
r6 c1..2 bg=Background
r6 c2..9 fg=Foreground bg=Background
r6 c9..20 bg=Background

== light-truecolor
● Working
✓ Done
◆ Needs you
✕ Failed
■ Stopped
○ Ready
? Unknown
---
r0 c0..1 fg=Live bg=Background
r0 c1..2 bg=Background
r0 c2..9 fg=Foreground bg=Background
r0 c9..20 bg=Background
r1 c0..1 fg=Live bg=Background
r1 c1..2 bg=Background
r1 c2..6 fg=Foreground bg=Background
r1 c6..20 bg=Background
r2 c0..1 fg=Attention bg=Background
r2 c1..2 bg=Background
r2 c2..11 fg=Foreground bg=Background
r2 c11..20 bg=Background
r3 c0..1 fg=Danger bg=Background
r3 c1..2 bg=Background
r3 c2..8 fg=Foreground bg=Background
r3 c8..20 bg=Background
r4 c0..1 fg=Muted bg=Background
r4 c1..2 bg=Background
r4 c2..9 fg=Foreground bg=Background
r4 c9..20 bg=Background
r5 c0..1 fg=Muted bg=Background
r5 c1..2 bg=Background
r5 c2..7 fg=Foreground bg=Background
r5 c7..20 bg=Background
r6 c0..1 fg=Muted bg=Background
r6 c1..2 bg=Background
r6 c2..9 fg=Foreground bg=Background
r6 c9..20 bg=Background

== dark-256
● Working
✓ Done
◆ Needs you
✕ Failed
■ Stopped
○ Ready
? Unknown
---
r0 c0..1 fg=Live bg=Background
r0 c1..2 bg=Background
r0 c2..9 fg=Foreground bg=Background
r0 c9..20 bg=Background
r1 c0..1 fg=Live bg=Background
r1 c1..2 bg=Background
r1 c2..6 fg=Foreground bg=Background
r1 c6..20 bg=Background
r2 c0..1 fg=Attention bg=Background
r2 c1..2 bg=Background
r2 c2..11 fg=Foreground bg=Background
r2 c11..20 bg=Background
r3 c0..1 fg=Danger bg=Background
r3 c1..2 bg=Background
r3 c2..8 fg=Foreground bg=Background
r3 c8..20 bg=Background
r4 c0..1 fg=Muted bg=Background
r4 c1..2 bg=Background
r4 c2..9 fg=Foreground bg=Background
r4 c9..20 bg=Background
r5 c0..1 fg=Muted bg=Background
r5 c1..2 bg=Background
r5 c2..7 fg=Foreground bg=Background
r5 c7..20 bg=Background
r6 c0..1 fg=Muted bg=Background
r6 c1..2 bg=Background
r6 c2..9 fg=Foreground bg=Background
r6 c9..20 bg=Background

== light-256
● Working
✓ Done
◆ Needs you
✕ Failed
■ Stopped
○ Ready
? Unknown
---
r0 c0..1 fg=Live bg=Background
r0 c1..2 bg=Background
r0 c2..9 fg=Foreground bg=Background
r0 c9..20 bg=Background
r1 c0..1 fg=Live bg=Background
r1 c1..2 bg=Background
r1 c2..6 fg=Foreground bg=Background
r1 c6..20 bg=Background
r2 c0..1 fg=Attention bg=Background
r2 c1..2 bg=Background
r2 c2..11 fg=Foreground bg=Background
r2 c11..20 bg=Background
r3 c0..1 fg=Danger bg=Background
r3 c1..2 bg=Background
r3 c2..8 fg=Foreground bg=Background
r3 c8..20 bg=Background
r4 c0..1 fg=Muted bg=Background
r4 c1..2 bg=Background
r4 c2..9 fg=Foreground bg=Background
r4 c9..20 bg=Background
r5 c0..1 fg=Muted bg=Background
r5 c1..2 bg=Background
r5 c2..7 fg=Foreground bg=Background
r5 c7..20 bg=Background
r6 c0..1 fg=Muted bg=Background
r6 c1..2 bg=Background
r6 c2..9 fg=Foreground bg=Background
r6 c9..20 bg=Background

== ansi-16
● Working
✓ Done
◆ Needs you
✕ Failed
■ Stopped
○ Ready
? Unknown
---
r0 c0..1 fg=Live
r1 c0..1 fg=Live
r2 c0..1 fg=Attention
r3 c0..1 fg=Danger
r4 c0..1 dim
r5 c0..1 dim
r6 c0..1 dim

== unknown-ground
● Working
✓ Done
◆ Needs you
✕ Failed
■ Stopped
○ Ready
? Unknown
---
r0 c0..1 fg=Live
r1 c0..1 fg=Live
r2 c0..1 fg=Attention
r3 c0..1 fg=Danger
r4 c0..1 dim
r5 c0..1 dim
r6 c0..1 dim

== no-color
● Working
✓ Done
◆ Needs you
✕ Failed
■ Stopped
○ Ready
? Unknown
---
r4 c0..1 dim
r5 c0..1 dim
r6 c0..1 dim

== ascii
. Working
Y Done
* Needs you
X Failed
# Stopped
o Ready
? Unknown
---
r4 c0..1 dim
r5 c0..1 dim
r6 c0..1 dim
