---
source: tests/snapshots.rs
expression: dump(&entry)
---
== dark-truecolor
                                   ✓ Theme set to Shoreline
                 ◆ A command is waiting for your approval →
         ✕ Could not save: the settings file is read-only →
---
r0 c0..34 bg=Background
r0 c34..35 bg=Surface
r0 c35..36 fg=Live bg=Surface
r0 c36..37 bg=Surface
r0 c37..59 fg=Foreground bg=Surface
r0 c59..60 bg=Surface
r1 c0..16 bg=Background
r1 c16..17 bg=Surface
r1 c17..18 fg=Attention bg=Surface
r1 c18..19 bg=Surface
r1 c19..57 fg=Foreground bg=Surface
r1 c57..59 fg=Muted bg=Surface
r1 c59..60 bg=Surface
r2 c0..8 bg=Background
r2 c8..9 bg=Surface
r2 c9..10 fg=Danger bg=Surface
r2 c10..11 bg=Surface
r2 c11..57 fg=Foreground bg=Surface
r2 c57..59 fg=Muted bg=Surface
r2 c59..60 bg=Surface

== light-truecolor
                                   ✓ Theme set to Shoreline
                 ◆ A command is waiting for your approval →
         ✕ Could not save: the settings file is read-only →
---
r0 c0..34 bg=Background
r0 c34..35 bg=Surface
r0 c35..36 fg=Live bg=Surface
r0 c36..37 bg=Surface
r0 c37..59 fg=Foreground bg=Surface
r0 c59..60 bg=Surface
r1 c0..16 bg=Background
r1 c16..17 bg=Surface
r1 c17..18 fg=Attention bg=Surface
r1 c18..19 bg=Surface
r1 c19..57 fg=Foreground bg=Surface
r1 c57..59 fg=Muted bg=Surface
r1 c59..60 bg=Surface
r2 c0..8 bg=Background
r2 c8..9 bg=Surface
r2 c9..10 fg=Danger bg=Surface
r2 c10..11 bg=Surface
r2 c11..57 fg=Foreground bg=Surface
r2 c57..59 fg=Muted bg=Surface
r2 c59..60 bg=Surface

== dark-256
                                   ✓ Theme set to Shoreline
                 ◆ A command is waiting for your approval →
         ✕ Could not save: the settings file is read-only →
---
r0 c0..34 bg=Background
r0 c34..35 bg=Surface
r0 c35..36 fg=Live bg=Surface
r0 c36..37 bg=Surface
r0 c37..59 fg=Foreground bg=Surface
r0 c59..60 bg=Surface
r1 c0..16 bg=Background
r1 c16..17 bg=Surface
r1 c17..18 fg=Attention bg=Surface
r1 c18..19 bg=Surface
r1 c19..57 fg=Foreground bg=Surface
r1 c57..59 fg=Muted bg=Surface
r1 c59..60 bg=Surface
r2 c0..8 bg=Background
r2 c8..9 bg=Surface
r2 c9..10 fg=Danger bg=Surface
r2 c10..11 bg=Surface
r2 c11..57 fg=Foreground bg=Surface
r2 c57..59 fg=Muted bg=Surface
r2 c59..60 bg=Surface

== light-256
                                   ✓ Theme set to Shoreline
                 ◆ A command is waiting for your approval →
         ✕ Could not save: the settings file is read-only →
---
r0 c0..35 bg=Background
r0 c35..36 fg=Live bg=Background
r0 c36..37 bg=Background
r0 c37..59 fg=Foreground bg=Background
r0 c59..60 bg=Background
r1 c0..17 bg=Background
r1 c17..18 fg=Attention bg=Background
r1 c18..19 bg=Background
r1 c19..57 fg=Foreground bg=Background
r1 c57..59 fg=Muted bg=Background
r1 c59..60 bg=Background
r2 c0..9 bg=Background
r2 c9..10 fg=Danger bg=Background
r2 c10..11 bg=Background
r2 c11..57 fg=Foreground bg=Background
r2 c57..59 fg=Muted bg=Background
r2 c59..60 bg=Background

== ansi-16
                                   ✓ Theme set to Shoreline
                 ◆ A command is waiting for your approval →
         ✕ Could not save: the settings file is read-only →
---
r0 c35..36 fg=Live
r1 c17..18 fg=Attention
r1 c57..59 dim
r2 c9..10 fg=Danger
r2 c57..59 dim

== unknown-ground
                                   ✓ Theme set to Shoreline
                 ◆ A command is waiting for your approval →
         ✕ Could not save: the settings file is read-only →
---
r0 c35..36 fg=Live
r1 c17..18 fg=Attention
r1 c57..59 dim
r2 c9..10 fg=Danger
r2 c57..59 dim

== no-color
                                   ✓ Theme set to Shoreline
                 ◆ A command is waiting for your approval →
         ✕ Could not save: the settings file is read-only →
---
r1 c57..59 dim
r2 c57..59 dim

== ascii
                                   Y Theme set to Shoreline
                 * A command is waiting for your approval >
         X Could not save: the settings file is read-only >
---
r1 c57..59 dim
r2 c57..59 dim
